// Jest Snapshot v1, https://goo.gl/fbAQLP

exports[`<Main /> should render the heading 1`] = `
<main
  class="sc-blHHSb bZInSn"
>
  <img
    alt="Imagem de um átomo e React Avançado escrito ao lado."
    class="sc-gtLWhw jpGstZ"
    src="/img/logo.svg"
  />
  <h1
    class="sc-egkSDF rybla"
  >
    React Avançado
  </h1>
  <h2
    class="sc-fAUdSK kxCxIi"
  >
    TypeScript, ReactJS, NextJS e Styled Components
  </h2>
  <img
    alt="Um desenvolvedor de frente para uma tela com código."
    class="sc-dntaoT fomCpc"
    src="/img/hero-illustration.svg"
  />
</main>
`;
